2026-05-28 13:29:44.949 [background-preinit] INFO  o.h.validator.internal.util.Version - HV000001: Hibernate Validator 8.0.1.Final
2026-05-28 13:29:44.978 [main] INFO  com.example.sms.SmsApplication - Starting SmsApplication using Java 17.0.12 with PID 31816 (C:\Work\sms-project-v2\target\classes started by ndk20 in C:\Work\sms-project-v2)
2026-05-28 13:29:44.980 [main] DEBUG com.example.sms.SmsApplication - Running with Spring Boot v3.3.0, Spring v6.1.8
2026-05-28 13:29:44.981 [main] INFO  com.example.sms.SmsApplication - The following 1 profile is active: "dev"
2026-05-28 13:29:45.581 [main] INFO  o.s.d.r.c.RepositoryConfigurationDelegate - Bootstrapping Spring Data LDAP repositories in DEFAULT mode.
2026-05-28 13:29:45.595 [main] INFO  o.s.d.r.c.RepositoryConfigurationDelegate - Finished Spring Data repository scanning in 7 ms. Found 0 LDAP repository interfaces.
2026-05-28 13:29:46.080 [main] INFO  o.s.b.w.e.tomcat.TomcatWebServer - Tomcat initialized with port 8080 (http)
2026-05-28 13:29:46.083 [main] INFO  o.a.c.core.AprLifecycleListener - An older version [1.3.1] of the Apache Tomcat Native library is installed, while Tomcat recommends a minimum version of [2.0.5]
2026-05-28 13:29:46.084 [main] INFO  o.a.c.core.AprLifecycleListener - Loaded Apache Tomcat Native library [1.3.1] using APR version [1.7.4].
2026-05-28 13:29:46.105 [main] INFO  o.a.c.core.AprLifecycleListener - OpenSSL successfully initialized [OpenSSL 3.0.14 4 Jun 2024]
2026-05-28 13:29:46.112 [main] INFO  o.a.coyote.http11.Http11NioProtocol - Initializing ProtocolHandler ["http-nio-8080"]
2026-05-28 13:29:46.113 [main] INFO  o.a.catalina.core.StandardService - Starting service [Tomcat]
2026-05-28 13:29:46.113 [main] INFO  o.a.catalina.core.StandardEngine - Starting Servlet engine: [Apache Tomcat/10.1.24]
2026-05-28 13:29:46.160 [main] INFO  o.a.c.c.C.[Tomcat].[localhost].[/] - Initializing Spring embedded WebApplicationContext
2026-05-28 13:29:46.160 [main] INFO  o.s.b.w.s.c.ServletWebServerApplicationContext - Root WebApplicationContext: initialization completed in 1011 ms
2026-05-28 13:29:46.608 [main] INFO  o.s.s.c.a.a.c.InitializeUserDetailsBeanManagerConfigurer$InitializeUserDetailsManagerConfigurer - Global AuthenticationManager configured with UserDetailsService bean with name devUserDetailsService
2026-05-28 13:29:46.662 [main] INFO  o.s.b.a.w.s.WelcomePageHandlerMapping - Adding welcome page template: index
2026-05-28 13:29:46.807 [main] INFO  o.s.s.web.DefaultSecurityFilterChain - Will secure any request with [org.springframework.security.web.session.DisableEncodeUrlFilter@f793f15, org.springframework.security.web.context.request.async.WebAsyncManagerIntegrationFilter@3ec7eb5, org.springframework.security.web.context.SecurityContextHolderFilter@56b66a26, org.springframework.security.web.header.HeaderWriterFilter@295d54d6, org.springframework.web.filter.CorsFilter@5534e6f1, org.springframework.security.web.authentication.logout.LogoutFilter@6d6f6ca9, org.springframework.security.web.authentication.UsernamePasswordAuthenticationFilter@4c13ca07, org.springframework.security.web.savedrequest.RequestCacheAwareFilter@54687fd0, org.springframework.security.web.servletapi.SecurityContextHolderAwareRequestFilter@b2da3a5, org.springframework.security.web.authentication.AnonymousAuthenticationFilter@4c6fc3e7, org.springframework.security.web.access.ExceptionTranslationFilter@1b317e7d, org.springframework.security.web.access.intercept.AuthorizationFilter@352c3d70]
2026-05-28 13:29:47.013 [main] INFO  o.s.l.c.s.AbstractContextSource - Property 'userDn' not set - anonymous context will be used for read-only operations
2026-05-28 13:29:47.058 [main] INFO  o.a.coyote.http11.Http11NioProtocol - Starting ProtocolHandler ["http-nio-8080"]
2026-05-28 13:29:47.074 [main] INFO  o.s.b.w.e.tomcat.TomcatWebServer - Tomcat started on port 8080 (http) with context path '/'
2026-05-28 13:29:47.081 [main] INFO  com.example.sms.SmsApplication - Started SmsApplication in 2.445 seconds (process running for 2.875)
2026-05-28 13:29:47.086 [main] INFO  com.zaxxer.hikari.HikariDataSource - HikariPool-1 - Starting...
2026-05-28 13:29:47.381 [main] INFO  com.zaxxer.hikari.pool.HikariPool - HikariPool-1 - Added connection net.sf.log4jdbc.sql.jdbcapi.ConnectionSpy@2e91cf69
2026-05-28 13:29:47.383 [main] INFO  com.zaxxer.hikari.HikariDataSource - HikariPool-1 - Start completed.
2026-05-28 13:29:47.422 [main] INFO  jdbc.sqlonly - CREATE TABLE IF NOT EXISTS privacy_audit_log (    log_id SERIAL PRIMARY KEY,    executor_id VARCHAR(50) NOT NULL,    executor_ip VARCHAR(50),    request_url VARCHAR(200),    action_type VARCHAR(100) NOT NULL,    target_data VARCHAR(500),    created_at TIMESTAMP DEFAULT CURRENT_TIMESTAMP);

2026-05-28 13:29:47.428 [main] ERROR jdbc.sqlonly - 1. Statement.execute(CREATE TABLE IF NOT EXISTS privacy_audit_log (    log_id SERIAL PRIMARY KEY,    executor_id VARCHAR(50) NOT NULL,    executor_ip VARCHAR(50),    request_url VARCHAR(200),    action_type VARCHAR(100) NOT NULL,    target_data VARCHAR(500),    created_at TIMESTAMP DEFAULT CURRENT_TIMESTAMP);) CREATE TABLE IF NOT EXISTS privacy_audit_log (    log_id SERIAL PRIMARY KEY,    executor_id VARCHAR(50) NOT NULL,    executor_ip VARCHAR(50),    request_url VARCHAR(200),    action_type VARCHAR(100) NOT NULL,    target_data VARCHAR(500),    created_at TIMESTAMP DEFAULT CURRENT_TIMESTAMP);

java.sql.SQLSyntaxErrorException: ORA-00922: 누락된 또는 부적합한 옵션

	at oracle.jdbc.driver.T4CTTIoer11.processError(T4CTTIoer11.java:629)
	at oracle.jdbc.driver.T4CTTIoer11.processError(T4CTTIoer11.java:563)
	at oracle.jdbc.driver.T4C8Oall.processError(T4C8Oall.java:1230)
	at oracle.jdbc.driver.T4CTTIfun.receive(T4CTTIfun.java:771)
	at oracle.jdbc.driver.T4CTTIfun.doRPC(T4CTTIfun.java:298)
	at oracle.jdbc.driver.T4C8Oall.doOALL(T4C8Oall.java:511)
	at oracle.jdbc.driver.T4CStatement.doOall8(T4CStatement.java:122)
	at oracle.jdbc.driver.T4CStatement.executeForRows(T4CStatement.java:1199)
	at oracle.jdbc.driver.OracleStatement.executeSQLStatement(OracleStatement.java:1819)
	at oracle.jdbc.driver.OracleStatement.doExecuteWithTimeout(OracleStatement.java:1471)
	at oracle.jdbc.driver.OracleStatement.executeInternal(OracleStatement.java:2504)
	at oracle.jdbc.driver.OracleStatement.execute(OracleStatement.java:2459)
	at oracle.jdbc.driver.OracleStatementWrapper.execute(OracleStatementWrapper.java:327)
	at net.sf.log4jdbc.sql.jdbcapi.StatementSpy.execute(StatementSpy.java:923)
	at com.zaxxer.hikari.pool.ProxyStatement.execute(ProxyStatement.java:94)
	at com.zaxxer.hikari.pool.HikariProxyStatement.execute(HikariProxyStatement.java)
	at org.springframework.jdbc.core.JdbcTemplate$1ExecuteStatementCallback.doInStatement(JdbcTemplate.java:435)
	at org.springframework.jdbc.core.JdbcTemplate.execute(JdbcTemplate.java:393)
	at org.springframework.jdbc.core.JdbcTemplate.execute(JdbcTemplate.java:444)
	at com.example.sms.config.TableInitRunner.run(TableInitRunner.java:25)
	at org.springframework.boot.SpringApplication.lambda$callRunner$5(SpringApplication.java:790)
	at org.springframework.util.function.ThrowingConsumer$1.acceptWithException(ThrowingConsumer.java:83)
	at org.springframework.util.function.ThrowingConsumer.accept(ThrowingConsumer.java:60)
	at org.springframework.util.function.ThrowingConsumer$1.accept(ThrowingConsumer.java:88)
	at org.springframework.boot.SpringApplication.callRunner(SpringApplication.java:798)
	at org.springframework.boot.SpringApplication.callRunner(SpringApplication.java:789)
	at org.springframework.boot.SpringApplication.lambda$callRunners$3(SpringApplication.java:774)
	at java.base/java.util.stream.ForEachOps$ForEachOp$OfRef.accept(ForEachOps.java:183)
	at java.base/java.util.stream.SortedOps$SizedRefSortingSink.end(SortedOps.java:357)
	at java.base/java.util.stream.AbstractPipeline.copyInto(AbstractPipeline.java:510)
	at java.base/java.util.stream.AbstractPipeline.wrapAndCopyInto(AbstractPipeline.java:499)
	at java.base/java.util.stream.ForEachOps$ForEachOp.evaluateSequential(ForEachOps.java:150)
	at java.base/java.util.stream.ForEachOps$ForEachOp$OfRef.evaluateSequential(ForEachOps.java:173)
	at java.base/java.util.stream.AbstractPipeline.evaluate(AbstractPipeline.java:234)
	at java.base/java.util.stream.ReferencePipeline.forEach(ReferencePipeline.java:596)
	at org.springframework.boot.SpringApplication.callRunners(SpringApplication.java:774)
	at org.springframework.boot.SpringApplication.run(SpringApplication.java:342)
	at org.springframework.boot.SpringApplication.run(SpringApplication.java:1363)
	at org.springframework.boot.SpringApplication.run(SpringApplication.java:1352)
	at com.example.sms.SmsApplication.main(SmsApplication.java:11)
Caused by: oracle.jdbc.OracleDatabaseException: ORA-00922: 누락된 또는 부적합한 옵션

	at oracle.jdbc.driver.T4CTTIoer11.processError(T4CTTIoer11.java:636)
	... 39 common frames omitted
2026-05-28 13:29:47.440 [main] INFO  o.s.b.a.l.ConditionEvaluationReportLogger - 

Error starting ApplicationContext. To display the condition evaluation report re-run your application with 'debug' enabled.
2026-05-28 13:29:47.450 [main] ERROR o.s.boot.SpringApplication - Application run failed
org.springframework.jdbc.BadSqlGrammarException: StatementCallback; bad SQL grammar [CREATE TABLE IF NOT EXISTS privacy_audit_log (    log_id SERIAL PRIMARY KEY,    executor_id VARCHAR(50) NOT NULL,    executor_ip VARCHAR(50),    request_url VARCHAR(200),    action_type VARCHAR(100) NOT NULL,    target_data VARCHAR(500),    created_at TIMESTAMP DEFAULT CURRENT_TIMESTAMP);]
	at org.springframework.jdbc.support.SQLExceptionSubclassTranslator.doTranslate(SQLExceptionSubclassTranslator.java:103)
	at org.springframework.jdbc.support.AbstractFallbackSQLExceptionTranslator.translate(AbstractFallbackSQLExceptionTranslator.java:107)
	at org.springframework.jdbc.core.JdbcTemplate.translateException(JdbcTemplate.java:1548)
	at org.springframework.jdbc.core.JdbcTemplate.execute(JdbcTemplate.java:408)
	at org.springframework.jdbc.core.JdbcTemplate.execute(JdbcTemplate.java:444)
	at com.example.sms.config.TableInitRunner.run(TableInitRunner.java:25)
	at org.springframework.boot.SpringApplication.lambda$callRunner$5(SpringApplication.java:790)
	at org.springframework.util.function.ThrowingConsumer$1.acceptWithException(ThrowingConsumer.java:83)
	at org.springframework.util.function.ThrowingConsumer.accept(ThrowingConsumer.java:60)
	at org.springframework.util.function.ThrowingConsumer$1.accept(ThrowingConsumer.java:88)
	at org.springframework.boot.SpringApplication.callRunner(SpringApplication.java:798)
	at org.springframework.boot.SpringApplication.callRunner(SpringApplication.java:789)
	at org.springframework.boot.SpringApplication.lambda$callRunners$3(SpringApplication.java:774)
	at java.base/java.util.stream.ForEachOps$ForEachOp$OfRef.accept(ForEachOps.java:183)
	at java.base/java.util.stream.SortedOps$SizedRefSortingSink.end(SortedOps.java:357)
	at java.base/java.util.stream.AbstractPipeline.copyInto(AbstractPipeline.java:510)
	at java.base/java.util.stream.AbstractPipeline.wrapAndCopyInto(AbstractPipeline.java:499)
	at java.base/java.util.stream.ForEachOps$ForEachOp.evaluateSequential(ForEachOps.java:150)
	at java.base/java.util.stream.ForEachOps$ForEachOp$OfRef.evaluateSequential(ForEachOps.java:173)
	at java.base/java.util.stream.AbstractPipeline.evaluate(AbstractPipeline.java:234)
	at java.base/java.util.stream.ReferencePipeline.forEach(ReferencePipeline.java:596)
	at org.springframework.boot.SpringApplication.callRunners(SpringApplication.java:774)
	at org.springframework.boot.SpringApplication.run(SpringApplication.java:342)
	at org.springframework.boot.SpringApplication.run(SpringApplication.java:1363)
	at org.springframework.boot.SpringApplication.run(SpringApplication.java:1352)
	at com.example.sms.SmsApplication.main(SmsApplication.java:11)
Caused by: java.sql.SQLSyntaxErrorException: ORA-00922: 누락된 또는 부적합한 옵션

	at oracle.jdbc.driver.T4CTTIoer11.processError(T4CTTIoer11.java:629)
	at oracle.jdbc.driver.T4CTTIoer11.processError(T4CTTIoer11.java:563)
	at oracle.jdbc.driver.T4C8Oall.processError(T4C8Oall.java:1230)
	at oracle.jdbc.driver.T4CTTIfun.receive(T4CTTIfun.java:771)
	at oracle.jdbc.driver.T4CTTIfun.doRPC(T4CTTIfun.java:298)
	at oracle.jdbc.driver.T4C8Oall.doOALL(T4C8Oall.java:511)
	at oracle.jdbc.driver.T4CStatement.doOall8(T4CStatement.java:122)
	at oracle.jdbc.driver.T4CStatement.executeForRows(T4CStatement.java:1199)
	at oracle.jdbc.driver.OracleStatement.executeSQLStatement(OracleStatement.java:1819)
	at oracle.jdbc.driver.OracleStatement.doExecuteWithTimeout(OracleStatement.java:1471)
	at oracle.jdbc.driver.OracleStatement.executeInternal(OracleStatement.java:2504)
	at oracle.jdbc.driver.OracleStatement.execute(OracleStatement.java:2459)
	at oracle.jdbc.driver.OracleStatementWrapper.execute(OracleStatementWrapper.java:327)
	at net.sf.log4jdbc.sql.jdbcapi.StatementSpy.execute(StatementSpy.java:923)
	at com.zaxxer.hikari.pool.ProxyStatement.execute(ProxyStatement.java:94)
	at com.zaxxer.hikari.pool.HikariProxyStatement.execute(HikariProxyStatement.java)
	at org.springframework.jdbc.core.JdbcTemplate$1ExecuteStatementCallback.doInStatement(JdbcTemplate.java:435)
	at org.springframework.jdbc.core.JdbcTemplate.execute(JdbcTemplate.java:393)
	... 22 common frames omitted
Caused by: oracle.jdbc.OracleDatabaseException: ORA-00922: 누락된 또는 부적합한 옵션

	at oracle.jdbc.driver.T4CTTIoer11.processError(T4CTTIoer11.java:636)
	... 39 common frames omitted
2026-05-28 13:29:47.481 [main] INFO  com.zaxxer.hikari.HikariDataSource - HikariPool-1 - Shutdown initiated...
2026-05-28 13:29:47.485 [main] INFO  com.zaxxer.hikari.HikariDataSource - HikariPool-1 - Shutdown completed.
2026-05-28 13:31:18.802 [background-preinit] INFO  o.h.validator.internal.util.Version - HV000001: Hibernate Validator 8.0.1.Final
2026-05-28 13:31:18.831 [main] INFO  com.example.sms.SmsApplication - Starting SmsApplication using Java 17.0.12 with PID 35144 (C:\Work\sms-project-v2\target\classes started by ndk20 in C:\Work\sms-project-v2)
2026-05-28 13:31:18.831 [main] DEBUG com.example.sms.SmsApplication - Running with Spring Boot v3.3.0, Spring v6.1.8
2026-05-28 13:31:18.832 [main] INFO  com.example.sms.SmsApplication - The following 1 profile is active: "dev"
2026-05-28 13:31:19.440 [main] INFO  o.s.d.r.c.RepositoryConfigurationDelegate - Bootstrapping Spring Data LDAP repositories in DEFAULT mode.
2026-05-28 13:31:19.452 [main] INFO  o.s.d.r.c.RepositoryConfigurationDelegate - Finished Spring Data repository scanning in 7 ms. Found 0 LDAP repository interfaces.
2026-05-28 13:31:19.954 [main] INFO  o.s.b.w.e.tomcat.TomcatWebServer - Tomcat initialized with port 8080 (http)
2026-05-28 13:31:19.956 [main] INFO  o.a.c.core.AprLifecycleListener - An older version [1.3.1] of the Apache Tomcat Native library is installed, while Tomcat recommends a minimum version of [2.0.5]
2026-05-28 13:31:19.956 [main] INFO  o.a.c.core.AprLifecycleListener - Loaded Apache Tomcat Native library [1.3.1] using APR version [1.7.4].
2026-05-28 13:31:19.959 [main] INFO  o.a.c.core.AprLifecycleListener - OpenSSL successfully initialized [OpenSSL 3.0.14 4 Jun 2024]
2026-05-28 13:31:19.969 [main] INFO  o.a.coyote.http11.Http11NioProtocol - Initializing ProtocolHandler ["http-nio-8080"]
2026-05-28 13:31:19.971 [main] INFO  o.a.catalina.core.StandardService - Starting service [Tomcat]
2026-05-28 13:31:19.971 [main] INFO  o.a.catalina.core.StandardEngine - Starting Servlet engine: [Apache Tomcat/10.1.24]
2026-05-28 13:31:20.014 [main] INFO  o.a.c.c.C.[Tomcat].[localhost].[/] - Initializing Spring embedded WebApplicationContext
2026-05-28 13:31:20.015 [main] INFO  o.s.b.w.s.c.ServletWebServerApplicationContext - Root WebApplicationContext: initialization completed in 1005 ms
2026-05-28 13:31:20.420 [main] INFO  o.s.s.c.a.a.c.InitializeUserDetailsBeanManagerConfigurer$InitializeUserDetailsManagerConfigurer - Global AuthenticationManager configured with UserDetailsService bean with name devUserDetailsService
2026-05-28 13:31:20.475 [main] INFO  o.s.b.a.w.s.WelcomePageHandlerMapping - Adding welcome page template: index
2026-05-28 13:31:20.611 [main] INFO  o.s.s.web.DefaultSecurityFilterChain - Will secure any request with [org.springframework.security.web.session.DisableEncodeUrlFilter@5d68954d, org.springframework.security.web.context.request.async.WebAsyncManagerIntegrationFilter@f793f15, org.springframework.security.web.context.SecurityContextHolderFilter@4a7db5a, org.springframework.security.web.header.HeaderWriterFilter@4fd3b20a, org.springframework.web.filter.CorsFilter@3ec7eb5, org.springframework.security.web.authentication.logout.LogoutFilter@21c99abf, org.springframework.security.web.authentication.UsernamePasswordAuthenticationFilter@352c3d70, org.springframework.security.web.savedrequest.RequestCacheAwareFilter@158e6fc2, org.springframework.security.web.servletapi.SecurityContextHolderAwareRequestFilter@6eaf030c, org.springframework.security.web.authentication.AnonymousAuthenticationFilter@5534e6f1, org.springframework.security.web.access.ExceptionTranslationFilter@4e951fb1, org.springframework.security.web.access.intercept.AuthorizationFilter@773f3360]
2026-05-28 13:31:20.823 [main] INFO  o.s.l.c.s.AbstractContextSource - Property 'userDn' not set - anonymous context will be used for read-only operations
2026-05-28 13:31:20.864 [main] INFO  o.a.coyote.http11.Http11NioProtocol - Starting ProtocolHandler ["http-nio-8080"]
2026-05-28 13:31:20.876 [main] INFO  o.s.b.w.e.tomcat.TomcatWebServer - Tomcat started on port 8080 (http) with context path '/'
2026-05-28 13:31:20.883 [main] INFO  com.example.sms.SmsApplication - Started SmsApplication in 2.399 seconds (process running for 2.842)
2026-05-28 13:31:20.887 [main] INFO  com.zaxxer.hikari.HikariDataSource - HikariPool-1 - Starting...
2026-05-28 13:31:21.091 [main] INFO  com.zaxxer.hikari.pool.HikariPool - HikariPool-1 - Added connection net.sf.log4jdbc.sql.jdbcapi.ConnectionSpy@2553dcc0
2026-05-28 13:31:21.092 [main] INFO  com.zaxxer.hikari.HikariDataSource - HikariPool-1 - Start completed.
2026-05-28 13:31:21.134 [main] INFO  jdbc.sqlonly - BEGIN
  EXECUTE IMMEDIATE 'CREATE TABLE privacy_audit_log (
      log_id NUMBER GENERATED ALWAYS AS IDENTITY PRIMARY KEY,
      executor_id VARCHAR2(50) NOT NULL,
      executor_ip VARCHAR2(50),
      request_url VARCHAR2(200),
      action_type VARCHAR2(100) NOT NULL,
      target_data VARCHAR2(500),
      created_at TIMESTAMP DEFAULT CURRENT_TIMESTAMP
  )';
EXCEPTION
  WHEN OTHERS THEN
    IF SQLCODE != -955 THEN RAISE; END IF;
END;

2026-05-28 13:31:21.270 [main] INFO  jdbc.sqlonly - BEGIN
  EXECUTE IMMEDIATE 'CREATE TABLE attach_file (
      file_id NUMBER GENERATED ALWAYS AS IDENTITY PRIMARY KEY,
      original_name VARCHAR2(300) NOT NULL,
      save_name VARCHAR2(300) NOT NULL,
      file_path VARCHAR2(500) NOT NULL,
      file_size NUMBER,
      ext VARCHAR2(10),
      created_at TIMESTAMP DEFAULT CURRENT_TIMESTAMP
  )';
EXCEPTION
  WHEN OTHERS THEN
    IF SQLCODE != -955 THEN RAISE; END IF;
END;

2026-05-28 13:31:34.906 [http-nio-8080-exec-1] INFO  o.a.c.c.C.[Tomcat].[localhost].[/] - Initializing Spring DispatcherServlet 'dispatcherServlet'
2026-05-28 13:31:34.906 [http-nio-8080-exec-1] INFO  o.s.web.servlet.DispatcherServlet - Initializing Servlet 'dispatcherServlet'
2026-05-28 13:31:34.908 [http-nio-8080-exec-1] INFO  o.s.web.servlet.DispatcherServlet - Completed initialization in 0 ms
2026-05-28 13:31:36.483 [http-nio-8080-exec-5] DEBUG c.e.s.mapper.EmployeeMapper.findById - ==>  Preparing: SELECT emp_id, emp_name, last_login_ip, last_login_time, created_at, updated_at FROM employee WHERE emp_id = ?
2026-05-28 13:31:36.510 [http-nio-8080-exec-5] DEBUG c.e.s.mapper.EmployeeMapper.findById - ==> Parameters: admin(String)
2026-05-28 13:31:36.510 [http-nio-8080-exec-5] INFO  jdbc.sqlonly - SELECT emp_id, emp_name, last_login_ip, last_login_time, created_at, updated_at
        FROM employee
        WHERE emp_id = 'admin'

2026-05-28 13:31:36.519 [http-nio-8080-exec-5] ERROR jdbc.sqlonly - 1. PreparedStatement.execute() SELECT emp_id, emp_name, last_login_ip, last_login_time, created_at, updated_at
        FROM employee
        WHERE emp_id = 'admin'

java.sql.SQLSyntaxErrorException: ORA-00942: 테이블 또는 뷰가 존재하지 않습니다

	at oracle.jdbc.driver.T4CTTIoer11.processError(T4CTTIoer11.java:629)
	at oracle.jdbc.driver.T4CTTIoer11.processError(T4CTTIoer11.java:563)
	at oracle.jdbc.driver.T4C8Oall.processError(T4C8Oall.java:1230)
	at oracle.jdbc.driver.T4CTTIfun.receive(T4CTTIfun.java:771)
	at oracle.jdbc.driver.T4CTTIfun.doRPC(T4CTTIfun.java:298)
	at oracle.jdbc.driver.T4C8Oall.doOALL(T4C8Oall.java:511)
	at oracle.jdbc.driver.T4CPreparedStatement.doOall8(T4CPreparedStatement.java:162)
	at oracle.jdbc.driver.T4CPreparedStatement.executeForDescribe(T4CPreparedStatement.java:1009)
	at oracle.jdbc.driver.OracleStatement.prepareDefineBufferAndExecute(OracleStatement.java:1270)
	at oracle.jdbc.driver.OracleStatement.executeMaybeDescribe(OracleStatement.java:1148)
	at oracle.jdbc.driver.OracleStatement.executeSQLSelect(OracleStatement.java:1660)
	at oracle.jdbc.driver.OracleStatement.doExecuteWithTimeout(OracleStatement.java:1469)
	at oracle.jdbc.driver.OraclePreparedStatement.executeInternal(OraclePreparedStatement.java:3760)
	at oracle.jdbc.driver.OraclePreparedStatement.execute(OraclePreparedStatement.java:4135)
	at oracle.jdbc.driver.OraclePreparedStatementWrapper.execute(OraclePreparedStatementWrapper.java:1013)
	at net.sf.log4jdbc.sql.jdbcapi.PreparedStatementSpy.execute(PreparedStatementSpy.java:443)
	at com.zaxxer.hikari.pool.ProxyPreparedStatement.execute(ProxyPreparedStatement.java:44)
	at com.zaxxer.hikari.pool.HikariProxyPreparedStatement.execute(HikariProxyPreparedStatement.java)
	at java.base/jdk.internal.reflect.NativeMethodAccessorImpl.invoke0(Native Method)
	at java.base/jdk.internal.reflect.NativeMethodAccessorImpl.invoke(NativeMethodAccessorImpl.java:77)
	at java.base/jdk.internal.reflect.DelegatingMethodAccessorImpl.invoke(DelegatingMethodAccessorImpl.java:43)
	at java.base/java.lang.reflect.Method.invoke(Method.java:568)
	at org.apache.ibatis.logging.jdbc.PreparedStatementLogger.invoke(PreparedStatementLogger.java:58)
	at jdk.proxy3/jdk.proxy3.$Proxy102.execute(Unknown Source)
	at org.apache.ibatis.executor.statement.PreparedStatementHandler.query(PreparedStatementHandler.java:65)
	at org.apache.ibatis.executor.statement.RoutingStatementHandler.query(RoutingStatementHandler.java:80)
	at org.apache.ibatis.executor.SimpleExecutor.doQuery(SimpleExecutor.java:65)
	at org.apache.ibatis.executor.BaseExecutor.queryFromDatabase(BaseExecutor.java:336)
	at org.apache.ibatis.executor.BaseExecutor.query(BaseExecutor.java:158)
	at org.apache.ibatis.executor.CachingExecutor.query(CachingExecutor.java:110)
	at org.apache.ibatis.executor.CachingExecutor.query(CachingExecutor.java:90)
	at org.apache.ibatis.session.defaults.DefaultSqlSession.selectList(DefaultSqlSession.java:154)
	at org.apache.ibatis.session.defaults.DefaultSqlSession.selectList(DefaultSqlSession.java:147)
	at org.apache.ibatis.session.defaults.DefaultSqlSession.selectList(DefaultSqlSession.java:142)
	at org.apache.ibatis.session.defaults.DefaultSqlSession.selectOne(DefaultSqlSession.java:75)
	at java.base/jdk.internal.reflect.NativeMethodAccessorImpl.invoke0(Native Method)
	at java.base/jdk.internal.reflect.NativeMethodAccessorImpl.invoke(NativeMethodAccessorImpl.java:77)
	at java.base/jdk.internal.reflect.DelegatingMethodAccessorImpl.invoke(DelegatingMethodAccessorImpl.java:43)
	at java.base/java.lang.reflect.Method.invoke(Method.java:568)
	at org.mybatis.spring.SqlSessionTemplate$SqlSessionInterceptor.invoke(SqlSessionTemplate.java:425)
	at jdk.proxy2/jdk.proxy2.$Proxy76.selectOne(Unknown Source)
	at org.mybatis.spring.SqlSessionTemplate.selectOne(SqlSessionTemplate.java:160)
	at org.apache.ibatis.binding.MapperMethod.execute(MapperMethod.java:87)
	at org.apache.ibatis.binding.MapperProxy$PlainMethodInvoker.invoke(MapperProxy.java:141)
	at org.apache.ibatis.binding.MapperProxy.invoke(MapperProxy.java:86)
	at jdk.proxy2/jdk.proxy2.$Proxy86.findById(Unknown Source)
	at com.example.sms.config.SecurityConfig.lambda$filterChain$1(SecurityConfig.java:73)
	at org.springframework.security.web.authentication.AbstractAuthenticationProcessingFilter.successfulAuthentication(AbstractAuthenticationProcessingFilter.java:333)
	at org.springframework.security.web.authentication.AbstractAuthenticationProcessingFilter.doFilter(AbstractAuthenticationProcessingFilter.java:241)
	at org.springframework.security.web.authentication.AbstractAuthenticationProcessingFilter.doFilter(AbstractAuthenticationProcessingFilter.java:221)
	at org.springframework.security.web.FilterChainProxy$VirtualFilterChain.doFilter(FilterChainProxy.java:374)
	at org.springframework.security.web.authentication.logout.LogoutFilter.doFilter(LogoutFilter.java:107)
	at org.springframework.security.web.authentication.logout.LogoutFilter.doFilter(LogoutFilter.java:93)
	at org.springframework.security.web.FilterChainProxy$VirtualFilterChain.doFilter(FilterChainProxy.java:374)
	at org.springframework.web.filter.CorsFilter.doFilterInternal(CorsFilter.java:91)
	at org.springframework.web.filter.OncePerRequestFilter.doFilter(OncePerRequestFilter.java:116)
	at org.springframework.security.web.FilterChainProxy$VirtualFilterChain.doFilter(FilterChainProxy.java:374)
	at org.springframework.security.web.header.HeaderWriterFilter.doHeadersAfter(HeaderWriterFilter.java:90)
	at org.springframework.security.web.header.HeaderWriterFilter.doFilterInternal(HeaderWriterFilter.java:75)
	at org.springframework.web.filter.OncePerRequestFilter.doFilter(OncePerRequestFilter.java:116)
	at org.springframework.security.web.FilterChainProxy$VirtualFilterChain.doFilter(FilterChainProxy.java:374)
	at org.springframework.security.web.context.SecurityContextHolderFilter.doFilter(SecurityContextHolderFilter.java:82)
	at org.springframework.security.web.context.SecurityContextHolderFilter.doFilter(SecurityContextHolderFilter.java:69)
	at org.springframework.security.web.FilterChainProxy$VirtualFilterChain.doFilter(FilterChainProxy.java:374)
	at org.springframework.security.web.context.request.async.WebAsyncManagerIntegrationFilter.doFilterInternal(WebAsyncManagerIntegrationFilter.java:62)
	at org.springframework.web.filter.OncePerRequestFilter.doFilter(OncePerRequestFilter.java:116)
	at org.springframework.security.web.FilterChainProxy$VirtualFilterChain.doFilter(FilterChainProxy.java:374)
	at org.springframework.security.web.session.DisableEncodeUrlFilter.doFilterInternal(DisableEncodeUrlFilter.java:42)
	at org.springframework.web.filter.OncePerRequestFilter.doFilter(OncePerRequestFilter.java:116)
	at org.springframework.security.web.FilterChainProxy$VirtualFilterChain.doFilter(FilterChainProxy.java:374)
	at org.springframework.security.web.FilterChainProxy.doFilterInternal(FilterChainProxy.java:233)
	at org.springframework.security.web.FilterChainProxy.doFilter(FilterChainProxy.java:191)
	at org.springframework.web.filter.CompositeFilter$VirtualFilterChain.doFilter(CompositeFilter.java:113)
	at org.springframework.web.servlet.handler.HandlerMappingIntrospector.lambda$createCacheFilter$3(HandlerMappingIntrospector.java:195)
	at org.springframework.web.filter.CompositeFilter$VirtualFilterChain.doFilter(CompositeFilter.java:113)
	at org.springframework.web.filter.CompositeFilter.doFilter(CompositeFilter.java:74)
	at org.springframework.security.config.annotation.web.configuration.WebMvcSecurityConfiguration$CompositeFilterChainProxy.doFilter(WebMvcSecurityConfiguration.java:230)
	at org.springframework.web.filter.DelegatingFilterProxy.invokeDelegate(DelegatingFilterProxy.java:352)
	at org.springframework.web.filter.DelegatingFilterProxy.doFilter(DelegatingFilterProxy.java:268)
	at org.apache.catalina.core.ApplicationFilterChain.internalDoFilter(ApplicationFilterChain.java:164)
	at org.apache.catalina.core.ApplicationFilterChain.doFilter(ApplicationFilterChain.java:140)
	at org.springframework.web.filter.RequestContextFilter.doFilterInternal(RequestContextFilter.java:100)
	at org.springframework.web.filter.OncePerRequestFilter.doFilter(OncePerRequestFilter.java:116)
	at org.apache.catalina.core.ApplicationFilterChain.internalDoFilter(ApplicationFilterChain.java:164)
	at org.apache.catalina.core.ApplicationFilterChain.doFilter(ApplicationFilterChain.java:140)
	at org.springframework.web.filter.FormContentFilter.doFilterInternal(FormContentFilter.java:93)
	at org.springframework.web.filter.OncePerRequestFilter.doFilter(OncePerRequestFilter.java:116)
	at org.apache.catalina.core.ApplicationFilterChain.internalDoFilter(ApplicationFilterChain.java:164)
	at org.apache.catalina.core.ApplicationFilterChain.doFilter(ApplicationFilterChain.java:140)
	at org.springframework.web.filter.CharacterEncodingFilter.doFilterInternal(CharacterEncodingFilter.java:201)
	at org.springframework.web.filter.OncePerRequestFilter.doFilter(OncePerRequestFilter.java:116)
	at org.apache.catalina.core.ApplicationFilterChain.internalDoFilter(ApplicationFilterChain.java:164)
	at org.apache.catalina.core.ApplicationFilterChain.doFilter(ApplicationFilterChain.java:140)
	at org.apache.catalina.core.StandardWrapperValve.invoke(StandardWrapperValve.java:167)
	at org.apache.catalina.core.StandardContextValve.invoke(StandardContextValve.java:90)
	at org.apache.catalina.authenticator.AuthenticatorBase.invoke(AuthenticatorBase.java:482)
	at org.apache.catalina.core.StandardHostValve.invoke(StandardHostValve.java:115)
	at org.apache.catalina.valves.ErrorReportValve.invoke(ErrorReportValve.java:93)
	at org.apache.catalina.core.StandardEngineValve.invoke(StandardEngineValve.java:74)
	at org.apache.catalina.connector.CoyoteAdapter.service(CoyoteAdapter.java:344)
	at org.apache.coyote.http11.Http11Processor.service(Http11Processor.java:389)
	at org.apache.coyote.AbstractProcessorLight.process(AbstractProcessorLight.java:63)
	at org.apache.coyote.AbstractProtocol$ConnectionHandler.process(AbstractProtocol.java:896)
	at org.apache.tomcat.util.net.NioEndpoint$SocketProcessor.doRun(NioEndpoint.java:1741)
	at org.apache.tomcat.util.net.SocketProcessorBase.run(SocketProcessorBase.java:52)
	at org.apache.tomcat.util.threads.ThreadPoolExecutor.runWorker(ThreadPoolExecutor.java:1190)
	at org.apache.tomcat.util.threads.ThreadPoolExecutor$Worker.run(ThreadPoolExecutor.java:659)
	at org.apache.tomcat.util.threads.TaskThread$WrappingRunnable.run(TaskThread.java:63)
	at java.base/java.lang.Thread.run(Thread.java:842)
Caused by: oracle.jdbc.OracleDatabaseException: ORA-00942: 테이블 또는 뷰가 존재하지 않습니다

	at oracle.jdbc.driver.T4CTTIoer11.processError(T4CTTIoer11.java:636)
	... 108 common frames omitted
2026-05-28 13:31:36.640 [http-nio-8080-exec-5] ERROR o.a.c.c.C.[.[.[.[dispatcherServlet] - Servlet.service() for servlet [dispatcherServlet] in context with path [] threw exception
org.springframework.jdbc.BadSqlGrammarException: 
### Error querying database.  Cause: java.sql.SQLSyntaxErrorException: ORA-00942: 테이블 또는 뷰가 존재하지 않습니다

### The error may exist in file [C:\Work\sms-project-v2\target\classes\mapper\EmployeeMapper.xml]
### The error may involve defaultParameterMap
### The error occurred while setting parameters
### SQL: SELECT emp_id, emp_name, last_login_ip, last_login_time, created_at, updated_at         FROM employee         WHERE emp_id = ?
### Cause: java.sql.SQLSyntaxErrorException: ORA-00942: 테이블 또는 뷰가 존재하지 않습니다

; bad SQL grammar []
	at org.springframework.jdbc.support.SQLErrorCodeSQLExceptionTranslator.doTranslate(SQLErrorCodeSQLExceptionTranslator.java:246)
	at org.springframework.jdbc.support.AbstractFallbackSQLExceptionTranslator.translate(AbstractFallbackSQLExceptionTranslator.java:107)
	at org.mybatis.spring.MyBatisExceptionTranslator.translateExceptionIfPossible(MyBatisExceptionTranslator.java:92)
	at org.mybatis.spring.SqlSessionTemplate$SqlSessionInterceptor.invoke(SqlSessionTemplate.java:439)
	at jdk.proxy2/jdk.proxy2.$Proxy76.selectOne(Unknown Source)
	at org.mybatis.spring.SqlSessionTemplate.selectOne(SqlSessionTemplate.java:160)
	at org.apache.ibatis.binding.MapperMethod.execute(MapperMethod.java:87)
	at org.apache.ibatis.binding.MapperProxy$PlainMethodInvoker.invoke(MapperProxy.java:141)
	at org.apache.ibatis.binding.MapperProxy.invoke(MapperProxy.java:86)
	at jdk.proxy2/jdk.proxy2.$Proxy86.findById(Unknown Source)
	at com.example.sms.config.SecurityConfig.lambda$filterChain$1(SecurityConfig.java:73)
	at org.springframework.security.web.authentication.AbstractAuthenticationProcessingFilter.successfulAuthentication(AbstractAuthenticationProcessingFilter.java:333)
	at org.springframework.security.web.authentication.AbstractAuthenticationProcessingFilter.doFilter(AbstractAuthenticationProcessingFilter.java:241)
	at org.springframework.security.web.authentication.AbstractAuthenticationProcessingFilter.doFilter(AbstractAuthenticationProcessingFilter.java:221)
	at org.springframework.security.web.FilterChainProxy$VirtualFilterChain.doFilter(FilterChainProxy.java:374)
	at org.springframework.security.web.authentication.logout.LogoutFilter.doFilter(LogoutFilter.java:107)
	at org.springframework.security.web.authentication.logout.LogoutFilter.doFilter(LogoutFilter.java:93)
	at org.springframework.security.web.FilterChainProxy$VirtualFilterChain.doFilter(FilterChainProxy.java:374)
	at org.springframework.web.filter.CorsFilter.doFilterInternal(CorsFilter.java:91)
	at org.springframework.web.filter.OncePerRequestFilter.doFilter(OncePerRequestFilter.java:116)
	at org.springframework.security.web.FilterChainProxy$VirtualFilterChain.doFilter(FilterChainProxy.java:374)
	at org.springframework.security.web.header.HeaderWriterFilter.doHeadersAfter(HeaderWriterFilter.java:90)
	at org.springframework.security.web.header.HeaderWriterFilter.doFilterInternal(HeaderWriterFilter.java:75)
	at org.springframework.web.filter.OncePerRequestFilter.doFilter(OncePerRequestFilter.java:116)
	at org.springframework.security.web.FilterChainProxy$VirtualFilterChain.doFilter(FilterChainProxy.java:374)
	at org.springframework.security.web.context.SecurityContextHolderFilter.doFilter(SecurityContextHolderFilter.java:82)
	at org.springframework.security.web.context.SecurityContextHolderFilter.doFilter(SecurityContextHolderFilter.java:69)
	at org.springframework.security.web.FilterChainProxy$VirtualFilterChain.doFilter(FilterChainProxy.java:374)
	at org.springframework.security.web.context.request.async.WebAsyncManagerIntegrationFilter.doFilterInternal(WebAsyncManagerIntegrationFilter.java:62)
	at org.springframework.web.filter.OncePerRequestFilter.doFilter(OncePerRequestFilter.java:116)
	at org.springframework.security.web.FilterChainProxy$VirtualFilterChain.doFilter(FilterChainProxy.java:374)
	at org.springframework.security.web.session.DisableEncodeUrlFilter.doFilterInternal(DisableEncodeUrlFilter.java:42)
	at org.springframework.web.filter.OncePerRequestFilter.doFilter(OncePerRequestFilter.java:116)
	at org.springframework.security.web.FilterChainProxy$VirtualFilterChain.doFilter(FilterChainProxy.java:374)
	at org.springframework.security.web.FilterChainProxy.doFilterInternal(FilterChainProxy.java:233)
	at org.springframework.security.web.FilterChainProxy.doFilter(FilterChainProxy.java:191)
	at org.springframework.web.filter.CompositeFilter$VirtualFilterChain.doFilter(CompositeFilter.java:113)
	at org.springframework.web.servlet.handler.HandlerMappingIntrospector.lambda$createCacheFilter$3(HandlerMappingIntrospector.java:195)
	at org.springframework.web.filter.CompositeFilter$VirtualFilterChain.doFilter(CompositeFilter.java:113)
	at org.springframework.web.filter.CompositeFilter.doFilter(CompositeFilter.java:74)
	at org.springframework.security.config.annotation.web.configuration.WebMvcSecurityConfiguration$CompositeFilterChainProxy.doFilter(WebMvcSecurityConfiguration.java:230)
	at org.springframework.web.filter.DelegatingFilterProxy.invokeDelegate(DelegatingFilterProxy.java:352)
	at org.springframework.web.filter.DelegatingFilterProxy.doFilter(DelegatingFilterProxy.java:268)
	at org.apache.catalina.core.ApplicationFilterChain.internalDoFilter(ApplicationFilterChain.java:164)
	at org.apache.catalina.core.ApplicationFilterChain.doFilter(ApplicationFilterChain.java:140)
	at org.springframework.web.filter.RequestContextFilter.doFilterInternal(RequestContextFilter.java:100)
	at org.springframework.web.filter.OncePerRequestFilter.doFilter(OncePerRequestFilter.java:116)
	at org.apache.catalina.core.ApplicationFilterChain.internalDoFilter(ApplicationFilterChain.java:164)
	at org.apache.catalina.core.ApplicationFilterChain.doFilter(ApplicationFilterChain.java:140)
	at org.springframework.web.filter.FormContentFilter.doFilterInternal(FormContentFilter.java:93)
	at org.springframework.web.filter.OncePerRequestFilter.doFilter(OncePerRequestFilter.java:116)
	at org.apache.catalina.core.ApplicationFilterChain.internalDoFilter(ApplicationFilterChain.java:164)
	at org.apache.catalina.core.ApplicationFilterChain.doFilter(ApplicationFilterChain.java:140)
	at org.springframework.web.filter.CharacterEncodingFilter.doFilterInternal(CharacterEncodingFilter.java:201)
	at org.springframework.web.filter.OncePerRequestFilter.doFilter(OncePerRequestFilter.java:116)
	at org.apache.catalina.core.ApplicationFilterChain.internalDoFilter(ApplicationFilterChain.java:164)
	at org.apache.catalina.core.ApplicationFilterChain.doFilter(ApplicationFilterChain.java:140)
	at org.apache.catalina.core.StandardWrapperValve.invoke(StandardWrapperValve.java:167)
	at org.apache.catalina.core.StandardContextValve.invoke(StandardContextValve.java:90)
	at org.apache.catalina.authenticator.AuthenticatorBase.invoke(AuthenticatorBase.java:482)
	at org.apache.catalina.core.StandardHostValve.invoke(StandardHostValve.java:115)
	at org.apache.catalina.valves.ErrorReportValve.invoke(ErrorReportValve.java:93)
	at org.apache.catalina.core.StandardEngineValve.invoke(StandardEngineValve.java:74)
	at org.apache.catalina.connector.CoyoteAdapter.service(CoyoteAdapter.java:344)
	at org.apache.coyote.http11.Http11Processor.service(Http11Processor.java:389)
	at org.apache.coyote.AbstractProcessorLight.process(AbstractProcessorLight.java:63)
	at org.apache.coyote.AbstractProtocol$ConnectionHandler.process(AbstractProtocol.java:896)
	at org.apache.tomcat.util.net.NioEndpoint$SocketProcessor.doRun(NioEndpoint.java:1741)
	at org.apache.tomcat.util.net.SocketProcessorBase.run(SocketProcessorBase.java:52)
	at org.apache.tomcat.util.threads.ThreadPoolExecutor.runWorker(ThreadPoolExecutor.java:1190)
	at org.apache.tomcat.util.threads.ThreadPoolExecutor$Worker.run(ThreadPoolExecutor.java:659)
	at org.apache.tomcat.util.threads.TaskThread$WrappingRunnable.run(TaskThread.java:63)
	at java.base/java.lang.Thread.run(Thread.java:842)
Caused by: java.sql.SQLSyntaxErrorException: ORA-00942: 테이블 또는 뷰가 존재하지 않습니다

	at oracle.jdbc.driver.T4CTTIoer11.processError(T4CTTIoer11.java:629)
	at oracle.jdbc.driver.T4CTTIoer11.processError(T4CTTIoer11.java:563)
	at oracle.jdbc.driver.T4C8Oall.processError(T4C8Oall.java:1230)
	at oracle.jdbc.driver.T4CTTIfun.receive(T4CTTIfun.java:771)
	at oracle.jdbc.driver.T4CTTIfun.doRPC(T4CTTIfun.java:298)
	at oracle.jdbc.driver.T4C8Oall.doOALL(T4C8Oall.java:511)
	at oracle.jdbc.driver.T4CPreparedStatement.doOall8(T4CPreparedStatement.java:162)
	at oracle.jdbc.driver.T4CPreparedStatement.executeForDescribe(T4CPreparedStatement.java:1009)
	at oracle.jdbc.driver.OracleStatement.prepareDefineBufferAndExecute(OracleStatement.java:1270)
	at oracle.jdbc.driver.OracleStatement.executeMaybeDescribe(OracleStatement.java:1148)
	at oracle.jdbc.driver.OracleStatement.executeSQLSelect(OracleStatement.java:1660)
	at oracle.jdbc.driver.OracleStatement.doExecuteWithTimeout(OracleStatement.java:1469)
	at oracle.jdbc.driver.OraclePreparedStatement.executeInternal(OraclePreparedStatement.java:3760)
	at oracle.jdbc.driver.OraclePreparedStatement.execute(OraclePreparedStatement.java:4135)
	at oracle.jdbc.driver.OraclePreparedStatementWrapper.execute(OraclePreparedStatementWrapper.java:1013)
	at net.sf.log4jdbc.sql.jdbcapi.PreparedStatementSpy.execute(PreparedStatementSpy.java:443)
	at com.zaxxer.hikari.pool.ProxyPreparedStatement.execute(ProxyPreparedStatement.java:44)
	at com.zaxxer.hikari.pool.HikariProxyPreparedStatement.execute(HikariProxyPreparedStatement.java)
	at java.base/jdk.internal.reflect.NativeMethodAccessorImpl.invoke0(Native Method)
	at java.base/jdk.internal.reflect.NativeMethodAccessorImpl.invoke(NativeMethodAccessorImpl.java:77)
	at java.base/jdk.internal.reflect.DelegatingMethodAccessorImpl.invoke(DelegatingMethodAccessorImpl.java:43)
	at java.base/java.lang.reflect.Method.invoke(Method.java:568)
	at org.apache.ibatis.logging.jdbc.PreparedStatementLogger.invoke(PreparedStatementLogger.java:58)
	at jdk.proxy3/jdk.proxy3.$Proxy102.execute(Unknown Source)
	at org.apache.ibatis.executor.statement.PreparedStatementHandler.query(PreparedStatementHandler.java:65)
	at org.apache.ibatis.executor.statement.RoutingStatementHandler.query(RoutingStatementHandler.java:80)
	at org.apache.ibatis.executor.SimpleExecutor.doQuery(SimpleExecutor.java:65)
	at org.apache.ibatis.executor.BaseExecutor.queryFromDatabase(BaseExecutor.java:336)
	at org.apache.ibatis.executor.BaseExecutor.query(BaseExecutor.java:158)
	at org.apache.ibatis.executor.CachingExecutor.query(CachingExecutor.java:110)
	at org.apache.ibatis.executor.CachingExecutor.query(CachingExecutor.java:90)
	at org.apache.ibatis.session.defaults.DefaultSqlSession.selectList(DefaultSqlSession.java:154)
	at org.apache.ibatis.session.defaults.DefaultSqlSession.selectList(DefaultSqlSession.java:147)
	at org.apache.ibatis.session.defaults.DefaultSqlSession.selectList(DefaultSqlSession.java:142)
	at org.apache.ibatis.session.defaults.DefaultSqlSession.selectOne(DefaultSqlSession.java:75)
	at java.base/jdk.internal.reflect.NativeMethodAccessorImpl.invoke0(Native Method)
	at java.base/jdk.internal.reflect.NativeMethodAccessorImpl.invoke(NativeMethodAccessorImpl.java:77)
	at java.base/jdk.internal.reflect.DelegatingMethodAccessorImpl.invoke(DelegatingMethodAccessorImpl.java:43)
	at java.base/java.lang.reflect.Method.invoke(Method.java:568)
	at org.mybatis.spring.SqlSessionTemplate$SqlSessionInterceptor.invoke(SqlSessionTemplate.java:425)
	... 69 common frames omitted
Caused by: oracle.jdbc.OracleDatabaseException: ORA-00942: 테이블 또는 뷰가 존재하지 않습니다

	at oracle.jdbc.driver.T4CTTIoer11.processError(T4CTTIoer11.java:636)
	... 108 common frames omitted
2026-05-28 13:38:07.655 [RMI TCP Connection(16)-127.0.0.1] INFO  o.s.b.a.SpringApplicationAdminMXBeanRegistrar$SpringApplicationAdmin - Application shutdown requested.
2026-05-28 13:38:07.658 [RMI TCP Connection(16)-127.0.0.1] INFO  o.a.coyote.http11.Http11NioProtocol - Stopping ProtocolHandler ["http-nio-8080"]
2026-05-28 13:38:07.682 [RMI TCP Connection(16)-127.0.0.1] INFO  com.zaxxer.hikari.HikariDataSource - HikariPool-1 - Shutdown initiated...
2026-05-28 13:38:07.693 [RMI TCP Connection(16)-127.0.0.1] INFO  com.zaxxer.hikari.HikariDataSource - HikariPool-1 - Shutdown completed.
2026-05-28 13:38:09.314 [background-preinit] INFO  o.h.validator.internal.util.Version - HV000001: Hibernate Validator 8.0.1.Final
2026-05-28 13:38:09.343 [main] INFO  com.example.sms.SmsApplication - Starting SmsApplication using Java 17.0.12 with PID 7728 (C:\Work\sms-project-v2\target\classes started by ndk20 in C:\Work\sms-project-v2)
2026-05-28 13:38:09.343 [main] DEBUG com.example.sms.SmsApplication - Running with Spring Boot v3.3.0, Spring v6.1.8
2026-05-28 13:38:09.343 [main] INFO  com.example.sms.SmsApplication - The following 1 profile is active: "dev"
2026-05-28 13:38:09.924 [main] INFO  o.s.d.r.c.RepositoryConfigurationDelegate - Bootstrapping Spring Data LDAP repositories in DEFAULT mode.
2026-05-28 13:38:09.937 [main] INFO  o.s.d.r.c.RepositoryConfigurationDelegate - Finished Spring Data repository scanning in 8 ms. Found 0 LDAP repository interfaces.
2026-05-28 13:38:10.395 [main] INFO  o.s.b.w.e.tomcat.TomcatWebServer - Tomcat initialized with port 8080 (http)
2026-05-28 13:38:10.396 [main] INFO  o.a.c.core.AprLifecycleListener - An older version [1.3.1] of the Apache Tomcat Native library is installed, while Tomcat recommends a minimum version of [2.0.5]
2026-05-28 13:38:10.397 [main] INFO  o.a.c.core.AprLifecycleListener - Loaded Apache Tomcat Native library [1.3.1] using APR version [1.7.4].
2026-05-28 13:38:10.400 [main] INFO  o.a.c.core.AprLifecycleListener - OpenSSL successfully initialized [OpenSSL 3.0.14 4 Jun 2024]
2026-05-28 13:38:10.406 [main] INFO  o.a.coyote.http11.Http11NioProtocol - Initializing ProtocolHandler ["http-nio-8080"]
2026-05-28 13:38:10.408 [main] INFO  o.a.catalina.core.StandardService - Starting service [Tomcat]
2026-05-28 13:38:10.409 [main] INFO  o.a.catalina.core.StandardEngine - Starting Servlet engine: [Apache Tomcat/10.1.24]
2026-05-28 13:38:10.451 [main] INFO  o.a.c.c.C.[Tomcat].[localhost].[/] - Initializing Spring embedded WebApplicationContext
2026-05-28 13:38:10.451 [main] INFO  o.s.b.w.s.c.ServletWebServerApplicationContext - Root WebApplicationContext: initialization completed in 940 ms
2026-05-28 13:38:10.848 [main] INFO  o.s.s.c.a.a.c.InitializeUserDetailsBeanManagerConfigurer$InitializeUserDetailsManagerConfigurer - Global AuthenticationManager configured with UserDetailsService bean with name devUserDetailsService
2026-05-28 13:38:10.911 [main] INFO  o.s.b.a.w.s.WelcomePageHandlerMapping - Adding welcome page template: index
2026-05-28 13:38:11.048 [main] INFO  o.s.s.web.DefaultSecurityFilterChain - Will secure any request with [org.springframework.security.web.session.DisableEncodeUrlFilter@5d68954d, org.springframework.security.web.context.request.async.WebAsyncManagerIntegrationFilter@f793f15, org.springframework.security.web.context.SecurityContextHolderFilter@4a7db5a, org.springframework.security.web.header.HeaderWriterFilter@4fd3b20a, org.springframework.web.filter.CorsFilter@3ec7eb5, org.springframework.security.web.authentication.logout.LogoutFilter@21c99abf, org.springframework.security.web.authentication.UsernamePasswordAuthenticationFilter@352c3d70, org.springframework.security.web.savedrequest.RequestCacheAwareFilter@158e6fc2, org.springframework.security.web.servletapi.SecurityContextHolderAwareRequestFilter@6eaf030c, org.springframework.security.web.authentication.AnonymousAuthenticationFilter@5534e6f1, org.springframework.security.web.access.ExceptionTranslationFilter@4e951fb1, org.springframework.security.web.access.intercept.AuthorizationFilter@773f3360]
2026-05-28 13:38:11.254 [main] INFO  o.s.l.c.s.AbstractContextSource - Property 'userDn' not set - anonymous context will be used for read-only operations
2026-05-28 13:38:11.295 [main] INFO  o.a.coyote.http11.Http11NioProtocol - Starting ProtocolHandler ["http-nio-8080"]
2026-05-28 13:38:11.306 [main] INFO  o.s.b.w.e.tomcat.TomcatWebServer - Tomcat started on port 8080 (http) with context path '/'
2026-05-28 13:38:11.312 [main] INFO  com.example.sms.SmsApplication - Started SmsApplication in 2.306 seconds (process running for 2.752)
2026-05-28 13:38:11.317 [main] INFO  com.zaxxer.hikari.HikariDataSource - HikariPool-1 - Starting...
2026-05-28 13:38:11.517 [main] INFO  com.zaxxer.hikari.pool.HikariPool - HikariPool-1 - Added connection net.sf.log4jdbc.sql.jdbcapi.ConnectionSpy@2553dcc0
2026-05-28 13:38:11.519 [main] INFO  com.zaxxer.hikari.HikariDataSource - HikariPool-1 - Start completed.
2026-05-28 13:38:11.559 [main] INFO  jdbc.sqlonly - BEGIN
  EXECUTE IMMEDIATE 'CREATE TABLE privacy_audit_log (
      log_id NUMBER GENERATED ALWAYS AS IDENTITY PRIMARY KEY,
      executor_id VARCHAR2(50) NOT NULL,
      executor_ip VARCHAR2(50),
      request_url VARCHAR2(200),
      action_type VARCHAR2(100) NOT NULL,
      target_data VARCHAR2(500),
      created_at TIMESTAMP DEFAULT CURRENT_TIMESTAMP
  )';
EXCEPTION
  WHEN OTHERS THEN
    IF SQLCODE != -955 THEN RAISE; END IF;
END;

2026-05-28 13:38:11.570 [main] INFO  jdbc.sqlonly - BEGIN
  EXECUTE IMMEDIATE 'CREATE TABLE attach_file (
      file_id NUMBER GENERATED ALWAYS AS IDENTITY PRIMARY KEY,
      original_name VARCHAR2(300) NOT NULL,
      save_name VARCHAR2(300) NOT NULL,
      file_path VARCHAR2(500) NOT NULL,
      file_size NUMBER,
      ext VARCHAR2(10),
      created_at TIMESTAMP DEFAULT CURRENT_TIMESTAMP
  )';
EXCEPTION
  WHEN OTHERS THEN
    IF SQLCODE != -955 THEN RAISE; END IF;
END;

2026-05-28 13:38:14.659 [http-nio-8080-exec-1] INFO  o.a.c.c.C.[Tomcat].[localhost].[/] - Initializing Spring DispatcherServlet 'dispatcherServlet'
2026-05-28 13:38:14.659 [http-nio-8080-exec-1] INFO  o.s.web.servlet.DispatcherServlet - Initializing Servlet 'dispatcherServlet'
2026-05-28 13:38:14.660 [http-nio-8080-exec-1] INFO  o.s.web.servlet.DispatcherServlet - Completed initialization in 1 ms
2026-05-28 13:38:14.895 [http-nio-8080-exec-1] DEBUG c.e.s.mapper.EmployeeMapper.findById - ==>  Preparing: SELECT emp_id, emp_name, last_login_ip, last_login_time, created_at, updated_at FROM employee WHERE emp_id = ?
2026-05-28 13:38:14.921 [http-nio-8080-exec-1] DEBUG c.e.s.mapper.EmployeeMapper.findById - ==> Parameters: admin(String)
2026-05-28 13:38:14.921 [http-nio-8080-exec-1] INFO  jdbc.sqlonly - SELECT emp_id, emp_name, last_login_ip, last_login_time, created_at, updated_at
        FROM employee
        WHERE emp_id = 'admin'

2026-05-28 13:38:14.984 [http-nio-8080-exec-1] DEBUG c.e.s.mapper.EmployeeMapper.findById - <==      Total: 1
2026-05-28 13:38:14.988 [http-nio-8080-exec-1] DEBUG c.e.s.m.E.updateLastLogin - ==>  Preparing: UPDATE employee SET last_login_ip = ?, last_login_time = ?, updated_at = SYSDATE WHERE emp_id = ?
2026-05-28 13:38:15.024 [http-nio-8080-exec-1] DEBUG c.e.s.m.E.updateLastLogin - ==> Parameters: 0:0:0:0:0:0:0:1(String), 2026-05-28T13:38:14.877470400(LocalDateTime), admin(String)
2026-05-28 13:38:15.024 [http-nio-8080-exec-1] INFO  jdbc.sqlonly - UPDATE employee
        SET last_login_ip = '0:0:0:0:0:0:0:1',
            last_login_time = 2026-05-28T13:38:14.877470400,
            updated_at = SYSDATE
        WHERE emp_id = 'admin'

2026-05-28 13:38:15.030 [http-nio-8080-exec-1] DEBUG c.e.s.m.E.updateLastLogin - <==    Updates: 1
2026-05-28 13:38:25.979 [http-nio-8080-exec-10] DEBUG c.e.s.c.SmsHistoryApiController - SMS API 목록 요청 request=SmsSearchRequestDTO(startDate=2026-05-28, endDate=2026-05-28, receiverNo=, sendType=)
2026-05-28 13:38:25.986 [http-nio-8080-exec-10] DEBUG c.e.s.service.SmsHistoryServiceImpl - SMS 목록 조회 request=SmsSearchRequestDTO(startDate=2026-05-28, endDate=2026-05-28, receiverNo=, sendType=)
2026-05-28 13:38:26.002 [http-nio-8080-exec-10] DEBUG c.e.s.m.SmsHistoryMapper.findAll - ==>  Preparing: SELECT id, campaign_name, send_type, sender_no, receiver_no, SUBSTR(message, 1, 50) AS message, send_status, resend_yn, result_code, result_message, sent_at, created_at, updated_at FROM sms_history WHERE sent_at >= TO_DATE(?, 'YYYY-MM-DD') AND sent_at < (TO_DATE(?, 'YYYY-MM-DD') + 1) ORDER BY id DESC OFFSET ? ROWS FETCH NEXT ? ROWS ONLY
2026-05-28 13:38:26.003 [http-nio-8080-exec-10] DEBUG c.e.s.m.SmsHistoryMapper.findAll - ==> Parameters: 2026-05-28(String), 2026-05-28(String), 0(Integer), 10(Integer)
2026-05-28 13:38:26.003 [http-nio-8080-exec-10] INFO  jdbc.sqlonly - SELECT
            id,
            campaign_name,
            send_type,
            sender_no,
            receiver_no,
            SUBSTR(message, 1, 50) AS message,
            send_status,
            resend_yn,
            result_code,
            result_message,
            sent_at,
            created_at,
            updated_at
        FROM sms_history

         WHERE  sent_at >= TO_DATE('2026-05-28', 'YYYY-MM-DD')

                AND sent_at < (TO_DATE('2026-05-28', 'YYYY-MM-DD') + 1) 

        ORDER BY id DESC
        OFFSET 0 ROWS FETCH NEXT 10 ROWS ONLY

2026-05-28 13:38:26.029 [http-nio-8080-exec-10] DEBUG c.e.s.m.SmsHistoryMapper.findAll - <==      Total: 0
2026-05-28 13:38:26.031 [http-nio-8080-exec-10] DEBUG c.e.s.mapper.SmsHistoryMapper.count - ==>  Preparing: SELECT COUNT(*) FROM sms_history WHERE sent_at >= TO_DATE(?, 'YYYY-MM-DD') AND sent_at < (TO_DATE(?, 'YYYY-MM-DD') + 1)
2026-05-28 13:38:26.031 [http-nio-8080-exec-10] DEBUG c.e.s.mapper.SmsHistoryMapper.count - ==> Parameters: 2026-05-28(String), 2026-05-28(String)
2026-05-28 13:38:26.031 [http-nio-8080-exec-10] INFO  jdbc.sqlonly - SELECT COUNT(*)
        FROM sms_history

         WHERE  sent_at >= TO_DATE('2026-05-28', 'YYYY-MM-DD')

                AND sent_at < (TO_DATE('2026-05-28', 'YYYY-MM-DD') + 1)

2026-05-28 13:38:26.036 [http-nio-8080-exec-10] DEBUG c.e.s.mapper.SmsHistoryMapper.count - <==      Total: 1
2026-05-28 13:38:30.200 [http-nio-8080-exec-2] DEBUG c.e.s.c.SmsHistoryApiController - SMS API 목록 요청 request=SmsSearchRequestDTO(startDate=2026-05-01, endDate=2026-05-28, receiverNo=, sendType=)
2026-05-28 13:38:30.203 [http-nio-8080-exec-2] DEBUG c.e.s.service.SmsHistoryServiceImpl - SMS 목록 조회 request=SmsSearchRequestDTO(startDate=2026-05-01, endDate=2026-05-28, receiverNo=, sendType=)
2026-05-28 13:38:30.204 [http-nio-8080-exec-2] DEBUG c.e.s.m.SmsHistoryMapper.findAll - ==>  Preparing: SELECT id, campaign_name, send_type, sender_no, receiver_no, SUBSTR(message, 1, 50) AS message, send_status, resend_yn, result_code, result_message, sent_at, created_at, updated_at FROM sms_history WHERE sent_at >= TO_DATE(?, 'YYYY-MM-DD') AND sent_at < (TO_DATE(?, 'YYYY-MM-DD') + 1) ORDER BY id DESC OFFSET ? ROWS FETCH NEXT ? ROWS ONLY
2026-05-28 13:38:30.206 [http-nio-8080-exec-2] DEBUG c.e.s.m.SmsHistoryMapper.findAll - ==> Parameters: 2026-05-01(String), 2026-05-28(String), 0(Integer), 10(Integer)
2026-05-28 13:38:30.206 [http-nio-8080-exec-2] INFO  jdbc.sqlonly - SELECT
            id,
            campaign_name,
            send_type,
            sender_no,
            receiver_no,
            SUBSTR(message, 1, 50) AS message,
            send_status,
            resend_yn,
            result_code,
            result_message,
            sent_at,
            created_at,
            updated_at
        FROM sms_history

         WHERE  sent_at >= TO_DATE('2026-05-01', 'YYYY-MM-DD')

                AND sent_at < (TO_DATE('2026-05-28', 'YYYY-MM-DD') + 1) 

        ORDER BY id DESC
        OFFSET 0 ROWS FETCH NEXT 10 ROWS ONLY

2026-05-28 13:38:30.222 [http-nio-8080-exec-2] DEBUG c.e.s.m.SmsHistoryMapper.findAll - <==      Total: 9
2026-05-28 13:38:30.223 [http-nio-8080-exec-2] DEBUG c.e.s.mapper.SmsHistoryMapper.count - ==>  Preparing: SELECT COUNT(*) FROM sms_history WHERE sent_at >= TO_DATE(?, 'YYYY-MM-DD') AND sent_at < (TO_DATE(?, 'YYYY-MM-DD') + 1)
2026-05-28 13:38:30.223 [http-nio-8080-exec-2] DEBUG c.e.s.mapper.SmsHistoryMapper.count - ==> Parameters: 2026-05-01(String), 2026-05-28(String)
2026-05-28 13:38:30.223 [http-nio-8080-exec-2] INFO  jdbc.sqlonly - SELECT COUNT(*)
        FROM sms_history

         WHERE  sent_at >= TO_DATE('2026-05-01', 'YYYY-MM-DD')

                AND sent_at < (TO_DATE('2026-05-28', 'YYYY-MM-DD') + 1)

2026-05-28 13:38:30.226 [http-nio-8080-exec-2] DEBUG c.e.s.mapper.SmsHistoryMapper.count - <==      Total: 1
2026-05-28 13:38:36.324 [http-nio-8080-exec-7] WARN  c.e.s.e.GlobalExceptionHandler - 입력값 검증 실패 (Validation Error): 고객 ID는 5자 이상 15자 이하로 입력해야 합니다.
2026-05-28 13:38:43.224 [http-nio-8080-exec-6] DEBUG c.e.s.m.P.insertAuditLog - ==>  Preparing: INSERT INTO privacy_audit_log ( executor_id, executor_ip, request_url, action_type, target_data ) VALUES ( ?, ?, ?, ?, ? )
2026-05-28 13:38:43.225 [http-nio-8080-exec-6] DEBUG c.e.s.m.P.insertAuditLog - ==> Parameters: admin(String), 0:0:0:0:0:0:0:1(String), /api/history/customer-search(String), 고객별 발송내역 조회 (주민번호/전화번호 포함)(String), [{"page":1,"size":10,"keyword":null,"searchType":null,"customerId":"CUST001","searchKeyword":"","offset":0}](String)
2026-05-28 13:38:43.226 [http-nio-8080-exec-6] INFO  jdbc.sqlonly - INSERT INTO privacy_audit_log (
            executor_id,
            executor_ip,
            request_url,
            action_type,
            target_data
        ) VALUES (
            'admin',
            '0:0:0:0:0:0:0:1',
            '/api/history/customer-search',
            '고객별 발송내역 조회 (주민번호/전화번호 포함)',
            '[{"page":1,"size":10,"keyword":null,"searchType":null,"customerId":"CUST001","searchKeyword":"","offset":0}]'
        )

2026-05-28 13:38:43.240 [http-nio-8080-exec-6] DEBUG c.e.s.m.P.insertAuditLog - <==    Updates: 1
2026-05-28 13:38:43.241 [http-nio-8080-exec-6] DEBUG c.e.s.c.SmsHistoryApiController - [API LOG] 고객별 조회 검증 통과 완료. DTO 수신: CustomerSearchRequestDTO(customerId=CUST001, searchKeyword=)
2026-05-28 13:38:43.242 [http-nio-8080-exec-6] DEBUG c.e.s.m.S.selectCustomerHistoryCount - ==>  Preparing: SELECT COUNT(*) FROM sms_history WHERE receiver_no = ?
2026-05-28 13:38:43.243 [http-nio-8080-exec-6] DEBUG c.e.s.m.S.selectCustomerHistoryCount - ==> Parameters: CUST001(String)
2026-05-28 13:38:43.243 [http-nio-8080-exec-6] INFO  jdbc.sqlonly - SELECT COUNT(*) 
        FROM sms_history 
        WHERE receiver_no = 'CUST001'

2026-05-28 13:38:43.250 [http-nio-8080-exec-6] DEBUG c.e.s.m.S.selectCustomerHistoryCount - <==      Total: 1
2026-05-28 13:38:43.251 [http-nio-8080-exec-6] DEBUG c.e.s.m.S.selectCustomerHistoryList - ==>  Preparing: SELECT id, campaign_name, send_type, sender_no, receiver_no, SUBSTR(message, 1, 50) AS message, send_status, resend_yn, result_code, result_message, sent_at, created_at, updated_at FROM sms_history WHERE receiver_no = ? ORDER BY id DESC OFFSET ? ROWS FETCH NEXT ? ROWS ONLY
2026-05-28 13:38:43.251 [http-nio-8080-exec-6] DEBUG c.e.s.m.S.selectCustomerHistoryList - ==> Parameters: CUST001(String), 0(Integer), 10(Integer)
2026-05-28 13:38:43.252 [http-nio-8080-exec-6] INFO  jdbc.sqlonly - SELECT
            id,
            campaign_name,
            send_type,
            sender_no,
            receiver_no,
            SUBSTR(message, 1, 50) AS message, 
            send_status,
            resend_yn,
            result_code,
            result_message,
            sent_at,
            created_at,
            updated_at
        FROM sms_history
        WHERE receiver_no = 'CUST001'

        ORDER BY id DESC

        OFFSET 0 ROWS FETCH NEXT 10 ROWS ONLY

2026-05-28 13:38:43.257 [http-nio-8080-exec-6] DEBUG c.e.s.m.S.selectCustomerHistoryList - <==      Total: 0
2026-05-28 13:38:47.706 [http-nio-8080-exec-5] DEBUG c.e.s.m.P.insertAuditLog - ==>  Preparing: INSERT INTO privacy_audit_log ( executor_id, executor_ip, request_url, action_type, target_data ) VALUES ( ?, ?, ?, ?, ? )
2026-05-28 13:38:47.707 [http-nio-8080-exec-5] DEBUG c.e.s.m.P.insertAuditLog - ==> Parameters: admin(String), 0:0:0:0:0:0:0:1(String), /api/history/customer-search(String), 고객별 발송내역 조회 (주민번호/전화번호 포함)(String), [{"page":1,"size":10,"keyword":null,"searchType":null,"customerId":"CUST01","searchKeyword":"","offset":0}](String)
2026-05-28 13:38:47.707 [http-nio-8080-exec-5] INFO  jdbc.sqlonly - INSERT INTO privacy_audit_log (
            executor_id,
            executor_ip,
            request_url,
            action_type,
            target_data
        ) VALUES (
            'admin',
            '0:0:0:0:0:0:0:1',
            '/api/history/customer-search',
            '고객별 발송내역 조회 (주민번호/전화번호 포함)',
            '[{"page":1,"size":10,"keyword":null,"searchType":null,"customerId":"CUST01","searchKeyword":"","offset":0}]'
        )

2026-05-28 13:38:47.714 [http-nio-8080-exec-5] DEBUG c.e.s.m.P.insertAuditLog - <==    Updates: 1
2026-05-28 13:38:47.714 [http-nio-8080-exec-5] DEBUG c.e.s.c.SmsHistoryApiController - [API LOG] 고객별 조회 검증 통과 완료. DTO 수신: CustomerSearchRequestDTO(customerId=CUST01, searchKeyword=)
2026-05-28 13:38:47.715 [http-nio-8080-exec-5] DEBUG c.e.s.m.S.selectCustomerHistoryCount - ==>  Preparing: SELECT COUNT(*) FROM sms_history WHERE receiver_no = ?
2026-05-28 13:38:47.715 [http-nio-8080-exec-5] DEBUG c.e.s.m.S.selectCustomerHistoryCount - ==> Parameters: CUST01(String)
2026-05-28 13:38:47.715 [http-nio-8080-exec-5] INFO  jdbc.sqlonly - SELECT COUNT(*) 
        FROM sms_history 
        WHERE receiver_no = 'CUST01'

2026-05-28 13:38:47.716 [http-nio-8080-exec-5] DEBUG c.e.s.m.S.selectCustomerHistoryCount - <==      Total: 1
2026-05-28 13:38:47.717 [http-nio-8080-exec-5] DEBUG c.e.s.m.S.selectCustomerHistoryList - ==>  Preparing: SELECT id, campaign_name, send_type, sender_no, receiver_no, SUBSTR(message, 1, 50) AS message, send_status, resend_yn, result_code, result_message, sent_at, created_at, updated_at FROM sms_history WHERE receiver_no = ? ORDER BY id DESC OFFSET ? ROWS FETCH NEXT ? ROWS ONLY
2026-05-28 13:38:47.717 [http-nio-8080-exec-5] DEBUG c.e.s.m.S.selectCustomerHistoryList - ==> Parameters: CUST01(String), 0(Integer), 10(Integer)
2026-05-28 13:38:47.717 [http-nio-8080-exec-5] INFO  jdbc.sqlonly - SELECT
            id,
            campaign_name,
            send_type,
            sender_no,
            receiver_no,
            SUBSTR(message, 1, 50) AS message, 
            send_status,
            resend_yn,
            result_code,
            result_message,
            sent_at,
            created_at,
            updated_at
        FROM sms_history
        WHERE receiver_no = 'CUST01'

        ORDER BY id DESC

        OFFSET 0 ROWS FETCH NEXT 10 ROWS ONLY

2026-05-28 13:38:47.719 [http-nio-8080-exec-5] DEBUG c.e.s.m.S.selectCustomerHistoryList - <==      Total: 0
2026-05-28 13:38:49.646 [http-nio-8080-exec-3] DEBUG c.e.s.m.P.insertAuditLog - ==>  Preparing: INSERT INTO privacy_audit_log ( executor_id, executor_ip, request_url, action_type, target_data ) VALUES ( ?, ?, ?, ?, ? )
2026-05-28 13:38:49.647 [http-nio-8080-exec-3] DEBUG c.e.s.m.P.insertAuditLog - ==> Parameters: admin(String), 0:0:0:0:0:0:0:1(String), /api/history/customer-search(String), 고객별 발송내역 조회 (주민번호/전화번호 포함)(String), [{"page":1,"size":10,"keyword":null,"searchType":null,"customerId":"CUST001","searchKeyword":"","offset":0}](String)
2026-05-28 13:38:49.647 [http-nio-8080-exec-3] INFO  jdbc.sqlonly - INSERT INTO privacy_audit_log (
            executor_id,
            executor_ip,
            request_url,
            action_type,
            target_data
        ) VALUES (
            'admin',
            '0:0:0:0:0:0:0:1',
            '/api/history/customer-search',
            '고객별 발송내역 조회 (주민번호/전화번호 포함)',
            '[{"page":1,"size":10,"keyword":null,"searchType":null,"customerId":"CUST001","searchKeyword":"","offset":0}]'
        )

2026-05-28 13:38:49.651 [http-nio-8080-exec-3] DEBUG c.e.s.m.P.insertAuditLog - <==    Updates: 1
2026-05-28 13:38:49.651 [http-nio-8080-exec-3] DEBUG c.e.s.c.SmsHistoryApiController - [API LOG] 고객별 조회 검증 통과 완료. DTO 수신: CustomerSearchRequestDTO(customerId=CUST001, searchKeyword=)
2026-05-28 13:38:49.652 [http-nio-8080-exec-3] DEBUG c.e.s.m.S.selectCustomerHistoryCount - ==>  Preparing: SELECT COUNT(*) FROM sms_history WHERE receiver_no = ?
2026-05-28 13:38:49.652 [http-nio-8080-exec-3] DEBUG c.e.s.m.S.selectCustomerHistoryCount - ==> Parameters: CUST001(String)
2026-05-28 13:38:49.652 [http-nio-8080-exec-3] INFO  jdbc.sqlonly - SELECT COUNT(*) 
        FROM sms_history 
        WHERE receiver_no = 'CUST001'

2026-05-28 13:38:49.653 [http-nio-8080-exec-3] DEBUG c.e.s.m.S.selectCustomerHistoryCount - <==      Total: 1
2026-05-28 13:38:49.654 [http-nio-8080-exec-3] DEBUG c.e.s.m.S.selectCustomerHistoryList - ==>  Preparing: SELECT id, campaign_name, send_type, sender_no, receiver_no, SUBSTR(message, 1, 50) AS message, send_status, resend_yn, result_code, result_message, sent_at, created_at, updated_at FROM sms_history WHERE receiver_no = ? ORDER BY id DESC OFFSET ? ROWS FETCH NEXT ? ROWS ONLY
2026-05-28 13:38:49.654 [http-nio-8080-exec-3] DEBUG c.e.s.m.S.selectCustomerHistoryList - ==> Parameters: CUST001(String), 0(Integer), 10(Integer)
2026-05-28 13:38:49.654 [http-nio-8080-exec-3] INFO  jdbc.sqlonly - SELECT
            id,
            campaign_name,
            send_type,
            sender_no,
            receiver_no,
            SUBSTR(message, 1, 50) AS message, 
            send_status,
            resend_yn,
            result_code,
            result_message,
            sent_at,
            created_at,
            updated_at
        FROM sms_history
        WHERE receiver_no = 'CUST001'

        ORDER BY id DESC

        OFFSET 0 ROWS FETCH NEXT 10 ROWS ONLY

2026-05-28 13:38:49.657 [http-nio-8080-exec-3] DEBUG c.e.s.m.S.selectCustomerHistoryList - <==      Total: 0
2026-05-28 13:38:51.819 [http-nio-8080-exec-10] DEBUG c.e.s.m.P.insertAuditLog - ==>  Preparing: INSERT INTO privacy_audit_log ( executor_id, executor_ip, request_url, action_type, target_data ) VALUES ( ?, ?, ?, ?, ? )
2026-05-28 13:38:51.820 [http-nio-8080-exec-10] DEBUG c.e.s.m.P.insertAuditLog - ==> Parameters: admin(String), 0:0:0:0:0:0:0:1(String), /api/history/customer-search(String), 고객별 발송내역 조회 (주민번호/전화번호 포함)(String), [{"page":1,"size":10,"keyword":null,"searchType":null,"customerId":"CUST001","searchKeyword":"","offset":0}](String)
2026-05-28 13:38:51.820 [http-nio-8080-exec-10] INFO  jdbc.sqlonly - INSERT INTO privacy_audit_log (
            executor_id,
            executor_ip,
            request_url,
            action_type,
            target_data
        ) VALUES (
            'admin',
            '0:0:0:0:0:0:0:1',
            '/api/history/customer-search',
            '고객별 발송내역 조회 (주민번호/전화번호 포함)',
            '[{"page":1,"size":10,"keyword":null,"searchType":null,"customerId":"CUST001","searchKeyword":"","offset":0}]'
        )

2026-05-28 13:38:51.827 [http-nio-8080-exec-10] DEBUG c.e.s.m.P.insertAuditLog - <==    Updates: 1
2026-05-28 13:38:51.828 [http-nio-8080-exec-10] DEBUG c.e.s.c.SmsHistoryApiController - [API LOG] 고객별 조회 검증 통과 완료. DTO 수신: CustomerSearchRequestDTO(customerId=CUST001, searchKeyword=)
2026-05-28 13:38:51.828 [http-nio-8080-exec-10] DEBUG c.e.s.m.S.selectCustomerHistoryCount - ==>  Preparing: SELECT COUNT(*) FROM sms_history WHERE receiver_no = ?
2026-05-28 13:38:51.828 [http-nio-8080-exec-10] DEBUG c.e.s.m.S.selectCustomerHistoryCount - ==> Parameters: CUST001(String)
2026-05-28 13:38:51.828 [http-nio-8080-exec-10] INFO  jdbc.sqlonly - SELECT COUNT(*) 
        FROM sms_history 
        WHERE receiver_no = 'CUST001'

2026-05-28 13:38:51.830 [http-nio-8080-exec-10] DEBUG c.e.s.m.S.selectCustomerHistoryCount - <==      Total: 1
2026-05-28 13:38:51.830 [http-nio-8080-exec-10] DEBUG c.e.s.m.S.selectCustomerHistoryList - ==>  Preparing: SELECT id, campaign_name, send_type, sender_no, receiver_no, SUBSTR(message, 1, 50) AS message, send_status, resend_yn, result_code, result_message, sent_at, created_at, updated_at FROM sms_history WHERE receiver_no = ? ORDER BY id DESC OFFSET ? ROWS FETCH NEXT ? ROWS ONLY
2026-05-28 13:38:51.831 [http-nio-8080-exec-10] DEBUG c.e.s.m.S.selectCustomerHistoryList - ==> Parameters: CUST001(String), 0(Integer), 10(Integer)
2026-05-28 13:38:51.831 [http-nio-8080-exec-10] INFO  jdbc.sqlonly - SELECT
            id,
            campaign_name,
            send_type,
            sender_no,
            receiver_no,
            SUBSTR(message, 1, 50) AS message, 
            send_status,
            resend_yn,
            result_code,
            result_message,
            sent_at,
            created_at,
            updated_at
        FROM sms_history
        WHERE receiver_no = 'CUST001'

        ORDER BY id DESC

        OFFSET 0 ROWS FETCH NEXT 10 ROWS ONLY

2026-05-28 13:38:51.833 [http-nio-8080-exec-10] DEBUG c.e.s.m.S.selectCustomerHistoryList - <==      Total: 0
2026-05-28 13:54:21.316 [http-nio-8080-exec-1] DEBUG c.e.s.m.C.selectActiveDepartments - ==>  Preparing: SELECT DEP_ID as code, DEP_NM as name FROM DEP WHERE ACT_YN = 'Y' ORDER BY DEP_NM ASC
2026-05-28 13:54:21.317 [http-nio-8080-exec-1] DEBUG c.e.s.m.C.selectActiveDepartments - ==> Parameters: 
2026-05-28 13:54:21.318 [http-nio-8080-exec-1] INFO  jdbc.sqlonly - SELECT 
            DEP_ID as code, 
            DEP_NM as name 
        FROM DEP 
        WHERE ACT_YN = 'Y' 
        ORDER BY DEP_NM ASC

2026-05-28 13:54:21.333 [http-nio-8080-exec-1] DEBUG c.e.s.m.C.selectActiveDepartments - <==      Total: 2
2026-05-28 13:54:21.518 [http-nio-8080-exec-6] DEBUG c.e.s.m.E.countEmployees - ==>  Preparing: SELECT COUNT(*) FROM employee e
2026-05-28 13:54:21.518 [http-nio-8080-exec-6] DEBUG c.e.s.m.E.countEmployees - ==> Parameters: 
2026-05-28 13:54:21.518 [http-nio-8080-exec-6] INFO  jdbc.sqlonly - SELECT COUNT(*) 
        FROM employee e

2026-05-28 13:54:21.524 [http-nio-8080-exec-6] DEBUG c.e.s.m.E.countEmployees - <==      Total: 1
2026-05-28 13:54:21.525 [http-nio-8080-exec-6] DEBUG c.e.s.m.E.selectEmployees - ==>  Preparing: SELECT e.emp_id, e.emp_name, e.dept_id, d.DEP_NM as dept_name, e.use_yn, e.user_role, e.auth_read, e.auth_approve, e.auth_campaign, e.last_login_ip, e.last_login_time, e.created_at, e.updated_at FROM employee e LEFT JOIN DEP d ON e.dept_id = d.DEP_ID ORDER BY e.created_at DESC OFFSET ? ROWS FETCH NEXT ? ROWS ONLY
2026-05-28 13:54:21.525 [http-nio-8080-exec-6] DEBUG c.e.s.m.E.selectEmployees - ==> Parameters: 0(Integer), 10(Integer)
2026-05-28 13:54:21.525 [http-nio-8080-exec-6] INFO  jdbc.sqlonly - SELECT 
            e.emp_id, 
            e.emp_name, 
            e.dept_id,
            d.DEP_NM as dept_name,
            e.use_yn,
            e.user_role,
            e.auth_read,
            e.auth_approve,
            e.auth_campaign,
            e.last_login_ip, 
            e.last_login_time, 
            e.created_at, 
            e.updated_at
        FROM employee e
        LEFT JOIN DEP d ON e.dept_id = d.DEP_ID

        ORDER BY e.created_at DESC
        OFFSET 0 ROWS FETCH NEXT 10 ROWS ONLY

2026-05-28 13:54:21.548 [http-nio-8080-exec-6] DEBUG c.e.s.m.E.selectEmployees - <==      Total: 10
2026-05-28 13:54:37.803 [http-nio-8080-exec-9] DEBUG c.e.s.mapper.EmployeeMapper.findById - ==>  Preparing: SELECT emp_id, emp_name, last_login_ip, last_login_time, created_at, updated_at FROM employee WHERE emp_id = ?
2026-05-28 13:54:37.803 [http-nio-8080-exec-9] DEBUG c.e.s.mapper.EmployeeMapper.findById - ==> Parameters: admin(String)
2026-05-28 13:54:37.803 [http-nio-8080-exec-9] INFO  jdbc.sqlonly - SELECT emp_id, emp_name, last_login_ip, last_login_time, created_at, updated_at
        FROM employee
        WHERE emp_id = 'admin'

2026-05-28 13:54:37.805 [http-nio-8080-exec-9] DEBUG c.e.s.mapper.EmployeeMapper.findById - <==      Total: 1
2026-05-28 13:54:37.806 [http-nio-8080-exec-9] DEBUG c.e.s.m.E.updateLastLogin - ==>  Preparing: UPDATE employee SET last_login_ip = ?, last_login_time = ?, updated_at = SYSDATE WHERE emp_id = ?
2026-05-28 13:54:37.806 [http-nio-8080-exec-9] DEBUG c.e.s.m.E.updateLastLogin - ==> Parameters: 0:0:0:0:0:0:0:1(String), 2026-05-28T13:54:37.799560300(LocalDateTime), admin(String)
2026-05-28 13:54:37.806 [http-nio-8080-exec-9] INFO  jdbc.sqlonly - UPDATE employee
        SET last_login_ip = '0:0:0:0:0:0:0:1',
            last_login_time = 2026-05-28T13:54:37.799560300,
            updated_at = SYSDATE
        WHERE emp_id = 'admin'

2026-05-28 13:54:37.809 [http-nio-8080-exec-9] DEBUG c.e.s.m.E.updateLastLogin - <==    Updates: 1
2026-05-28 16:05:16.809 [HikariPool-1 housekeeper] WARN  com.zaxxer.hikari.pool.HikariPool - HikariPool-1 - Thread starvation or clock leap detected (housekeeper delta=54m34s219ms99µs300ns).
2026-05-28 16:51:00.787 [HikariPool-1 housekeeper] WARN  com.zaxxer.hikari.pool.HikariPool - HikariPool-1 - Thread starvation or clock leap detected (housekeeper delta=30m13s810ms595µs800ns).
2026-05-28 17:49:37.721 [HikariPool-1 housekeeper] WARN  com.zaxxer.hikari.pool.HikariPool - HikariPool-1 - Thread starvation or clock leap detected (housekeeper delta=58m6s928ms189µs900ns).
2026-05-28 18:45:11.390 [HikariPool-1 housekeeper] WARN  com.zaxxer.hikari.pool.HikariPool - HikariPool-1 - Thread starvation or clock leap detected (housekeeper delta=40m33s566ms468µs300ns).
